#-----------------------------------------------------------
# Vivado v2023.2 (64-bit)
# SW Build 4029153 on Fri Oct 13 20:14:34 MDT 2023
# IP Build 4028589 on Sat Oct 14 00:45:43 MDT 2023
# SharedData Build 4025554 on Tue Oct 10 17:18:54 MDT 2023
# Start of session at: Mon Nov 25 20:33:09 2024
# Process ID: 8616
# Current directory: C:/Users/ltpie/Documents/GitHub/COMPE475/verimoog_1_6/verimoog_1_6.sim/sim_1/behav/xsim
# Command line: vivado.exe -gui_launcher_event rodinguilauncherevent30116 C:\Users\ltpie\Documents\GitHub\COMPE475\verimoog_1_6\verimoog_1_6.sim\sim_1\behav\xsim\synth_tb_behav.wdb
# Log file: C:/Users/ltpie/Documents/GitHub/COMPE475/verimoog_1_6/verimoog_1_6.sim/sim_1/behav/xsim/vivado.log
# Journal file: C:/Users/ltpie/Documents/GitHub/COMPE475/verimoog_1_6/verimoog_1_6.sim/sim_1/behav/xsim\vivado.jou
# Running On: HI-PC3, OS: Windows, CPU Frequency: 3793 MHz, CPU Physical cores: 16, Host memory: 17099 MB
#-----------------------------------------------------------
start_gui
open_wave_database {C:\Users\ltpie\Documents\GitHub\COMPE475\verimoog_1_6\verimoog_1_6.sim\sim_1\behav\xsim\synth_tb_behav.wdb}
close_sim
close_project
