#-----------------------------------------------------------
# Vivado v2023.2 (64-bit)
# SW Build 4029153 on Fri Oct 13 20:14:34 MDT 2023
# IP Build 4028589 on Sat Oct 14 00:45:43 MDT 2023
# SharedData Build 4025554 on Tue Oct 10 17:18:54 MDT 2023
# Start of session at: Tue Oct  1 20:54:32 2024
# Process ID: 30840
# Current directory: C:/Users/ltpie/Desktop/fuckVivado2/final_project_1_2
# Command line: vivado.exe -gui_launcher_event rodinguilauncherevent42536 C:\Users\ltpie\Desktop\fuckVivado2\final_project_1_2\final_project_1_2.xpr
# Log file: C:/Users/ltpie/Desktop/fuckVivado2/final_project_1_2/vivado.log
# Journal file: C:/Users/ltpie/Desktop/fuckVivado2/final_project_1_2\vivado.jou
# Running On: HI-PC3, OS: Windows, CPU Frequency: 3793 MHz, CPU Physical cores: 16, Host memory: 17099 MB
#-----------------------------------------------------------
start_gui
open_project C:/Users/ltpie/Desktop/fuckVivado2/final_project_1_2/final_project_1_2.xpr
update_compile_order -fileset sources_1
launch_simulation
launch_simulation
launch_simulation
